// Jest Snapshot v1, https://goo.gl/fbAQLP

exports[`LndClient openChannel it throws when openchannel fails 1`] = `[Error: openChannelSync error]`;
