// Jest Snapshot v1, https://goo.gl/fbAQLP

exports[`Swaps.SwapClientManager openChannel it fails without swap client 1`] = `
Object {
  "code": "7.1",
  "message": "swapClient for currency BTC not found",
}
`;
